Fetching: bafkr4ict7dy3iohmc4xpupfxnoogwcfgily7vukhxuwooje6ph7h775wtq
[1/3] Connecting ...
[2/3] Requesting ...
[3/3] Downloading collection...
  1 file(s) with total transfer size 1000B
Done in [TIME]
