Fetching: bafkr4idyzqc7g2wggwyo6dos7z3qwi2keus46kmk3ljh2hg5ezpnd7jnqy
[1/3] Connecting ...
[2/3] Requesting ...
[3/3] Downloading collection...
  2 file(s) with total transfer size 1.95 KiB
Done in [TIME]
