Collection: [HASH]

PeerID: oK2O4t8twxqe3mUiv_aRds2ZDS-ln03b-oU2KvI8qpU
Auth token: uyfZLJHxXhyrL3T2FG7waiAh214H0fETxVqzAdYHGX0
All-in-one ticket: [TICKET]
