Fetching: bafkr4ic7nvgyutah2cpnavkwittawseizlln4r7xjciturflycwl3hmzx4
[1/3] Connecting ...
[2/3] Requesting ...
[3/3] Downloading collection...
  1 file(s) with total transfer size 13B
Done in [TIME]
