Fetching: bafkr4iahpa5b75ondci6tkri7ny4pxrfdmqaeycg5uu5kelizoekjn3or4
[1/3] Connecting ...
[2/3] Requesting ...
[3/3] Downloading collection...
  2 file(s) with total transfer size 25B
Done in [TIME]
